// Jest Snapshot v1, https://goo.gl/fbAQLP

exports[`Face component renders Face 1`] = `
<div
  className="Face"
>
  <div
    biking="0"
  >
    ðŸ˜€
  </div>
</div>
`;
